Traceback (most recent call last):
  File "/Users/codexy/Desktop/dev/waveshare-modbus-gui/mock_modbus/server.py", line 95, in <module>
    asyncio.run(
    ~~~~~~~~~~~^
        MockModbusServer(host=args.host, port=args.port, verbose=args.verbose).start()
        ^^^^^^^^^^^^^^^^^^^^^^^^^^^^^^^^^^^^^^^^^^^^^^^^^^^^^^^^^^^^^^^^^^^^^^^^^^^^^^
    )
    ^
  File "/Library/Frameworks/Python.framework/Versions/3.14/lib/python3.14/asyncio/runners.py", line 204, in run
    return runner.run(main)
           ~~~~~~~~~~^^^^^^
  File "/Library/Frameworks/Python.framework/Versions/3.14/lib/python3.14/asyncio/runners.py", line 127, in run
    return self._loop.run_until_complete(task)
           ~~~~~~~~~~~~~~~~~~~~~~~~~~~~~^^^^^^
  File "/Library/Frameworks/Python.framework/Versions/3.14/lib/python3.14/asyncio/base_events.py", line 719, in run_until_complete
    return future.result()
           ~~~~~~~~~~~~~^^
  File "/Users/codexy/Desktop/dev/waveshare-modbus-gui/mock_modbus/server.py", line 13, in start
    server = await asyncio.start_server(self.handle_client, self.host, self.port)
             ^^^^^^^^^^^^^^^^^^^^^^^^^^^^^^^^^^^^^^^^^^^^^^^^^^^^^^^^^^^^^^^^^^^^
  File "/Library/Frameworks/Python.framework/Versions/3.14/lib/python3.14/asyncio/streams.py", line 84, in start_server
    return await loop.create_server(factory, host, port, **kwds)
           ^^^^^^^^^^^^^^^^^^^^^^^^^^^^^^^^^^^^^^^^^^^^^^^^^^^^^
  File "/Library/Frameworks/Python.framework/Versions/3.14/lib/python3.14/asyncio/base_events.py", line 1627, in create_server
    raise OSError(err.errno, msg) from None
OSError: [Errno 48] error while attempting to bind on address ('127.0.0.1', 4196): [errno 48] address already in use
